src/app/(dashboard)/settings/settings-client.tsx(39,25): error TS2345: Argument of type '{ username: string; }' is not assignable to parameter of type 'never'.
src/components/charts/WinrateChart.tsx(29,33): error TS2322: Type '(value: number) => [string, "Winrate"]' is not assignable to type 'Formatter<number, "Winrate">'.
  Types of parameters 'value' and 'value' are incompatible.
    Type 'number | undefined' is not assignable to type 'number'.
      Type 'undefined' is not assignable to type 'number'.
src/components/forms/MentorReviewPanel.tsx(49,25): error TS2345: Argument of type '{ status: "revision"; mentor_notes: string; mentor_score?: undefined; is_reviewed?: undefined; } | { mentor_score: number; mentor_notes: string; is_reviewed: boolean; status: "submitted"; }' is not assignable to parameter of type 'never'.
  Type '{ status: "revision"; mentor_notes: string; mentor_score?: undefined; is_reviewed?: undefined; }' is not assignable to type 'never'.
src/components/forms/TradeForm.tsx(76,9): error TS2719: Type 'import("D:/detrades-jurnal/node_modules/react-hook-form/dist/types/resolvers").Resolver<{ trade_date: string; session: string; pair: string; bias: string; bias_daily: string; framework: string; profiling: string; entry_model: string; result: string; rr: string; mood: string; description?: string | undefined; tags?: ...' is not assignable to type 'import("D:/detrades-jurnal/node_modules/react-hook-form/dist/types/resolvers").Resolver<{ trade_date: string; session: string; pair: string; bias: string; bias_daily: string; framework: string; profiling: string; entry_model: string; result: string; rr: string; mood: string; description?: string | undefined; tags?: ...'. Two different types with this name exist, but they are unrelated.
  Type 'import("D:/detrades-jurnal/node_modules/react-hook-form/dist/types/resolvers").ResolverResult<{ trade_date: string; session: string; pair: string; bias: string; bias_daily: string; framework: string; profiling: string; entry_model: string; result: string; rr: string; mood: string; description?: string | undefined; t...' is not assignable to type 'import("D:/detrades-jurnal/node_modules/react-hook-form/dist/types/resolvers").ResolverResult<{ trade_date: string; session: string; pair: string; bias: string; bias_daily: string; framework: string; profiling: string; entry_model: string; result: string; rr: string; mood: string; description?: string | undefined; t...'. Two different types with this name exist, but they are unrelated.
    Type 'ResolverSuccess<{ trade_date: string; session: string; pair: string; bias: string; bias_daily: string; framework: string; profiling: string; entry_model: string; result: string; rr: number; mood: string; description?: string | undefined; tags?: string | undefined; }>' is not assignable to type 'ResolverResult<{ trade_date: string; session: string; pair: string; bias: string; bias_daily: string; framework: string; profiling: string; entry_model: string; result: string; rr: string; mood: string; description?: string | undefined; tags?: string | undefined; }, { ...; }> | Promise<...>'.
      Type 'ResolverSuccess<{ trade_date: string; session: string; pair: string; bias: string; bias_daily: string; framework: string; profiling: string; entry_model: string; result: string; rr: number; mood: string; description?: string | undefined; tags?: string | undefined; }>' is not assignable to type 'ResolverSuccess<{ trade_date: string; session: string; pair: string; bias: string; bias_daily: string; framework: string; profiling: string; entry_model: string; result: string; rr: string; mood: string; description?: string | undefined; tags?: string | undefined; }>'.
        Type '{ trade_date: string; session: string; pair: string; bias: string; bias_daily: string; framework: string; profiling: string; entry_model: string; result: string; rr: number; mood: string; description?: string | undefined; tags?: string | undefined; }' is not assignable to type '{ trade_date: string; session: string; pair: string; bias: string; bias_daily: string; framework: string; profiling: string; entry_model: string; result: string; rr: string; mood: string; description?: string | undefined; tags?: string | undefined; }'.
          Types of property 'rr' are incompatible.
            Type 'number' is not assignable to type 'string'.
src/components/forms/TradeForm.tsx(172,61): error TS2769: No overload matches this call.
  Overload 1 of 2, '(values: never, options?: { count?: "exact" | "planned" | "estimated" | undefined; } | undefined): PostgrestFilterBuilder<{ PostgrestVersion: "12"; }, never, never, null, "trades", never, "POST">', gave the following error.
    Argument of type '{ user_id: string; trade_date: string; session: string; pair: string; bias: string; bias_daily: string; framework: string; profiling: string; entry_model: string; result: string; rr: number; mood: string; ... 4 more ...; is_reviewed: boolean; }' is not assignable to parameter of type 'never'.
  Overload 2 of 2, '(values: never[], options?: { count?: "exact" | "planned" | "estimated" | undefined; defaultToNull?: boolean | undefined; } | undefined): PostgrestFilterBuilder<{ PostgrestVersion: "12"; }, never, never, null, "trades", never, "POST">', gave the following error.
    Object literal may only specify known properties, and 'user_id' does not exist in type 'never[]'.
src/components/forms/TradeForm.tsx(216,38): error TS2345: Argument of type '(data: TradeFormData) => Promise<void>' is not assignable to parameter of type 'SubmitHandler<TFieldValues>'.
  Types of parameters 'data' and 'data' are incompatible.
    Type 'TFieldValues' is not assignable to type '{ trade_date: string; session: string; pair: string; bias: string; bias_daily: string; framework: string; profiling: string; entry_model: string; result: string; rr: string; mood: string; description?: string | undefined; tags?: string | undefined; }'.
      Type 'FieldValues' is missing the following properties from type '{ trade_date: string; session: string; pair: string; bias: string; bias_daily: string; framework: string; profiling: string; entry_model: string; result: string; rr: string; mood: string; description?: string | undefined; tags?: string | undefined; }': trade_date, session, pair, bias, and 7 more.
